{
    "fastq to unaligned cram": {
        "content": [
            "test.unaligned.cram",
            [
                "versions.yml:md5,7bc1dacb3ee01e7e03a94cbbd644181c",
                "versions.yml:md5,a172a8ee6f026a436809819ed50e4e10"
            ]
        ],
        "meta": {
            "nf-test": "0.8.4",
            "nextflow": "23.10.1"
        },
        "timestamp": "2024-03-25T14:39:21.533097"
    }
}