{
    "fastq align rna - star": {
        "content": [
            [
                [
                    {
                        "id": "test",
                        "samplename": "test",
                        "single_end": false,
                        "sample_type": "RNA",
                        "genome": {
                            "fasta": "s3://test-data/genomics/homo_sapiens/genome/seq/GCA_000001405.15_GRCh38_full_plus_hs38d1_analysis_set_chr21.fna",
                            "fai": "s3://test-data/genomics/homo_sapiens/genome/seq/GCA_000001405.15_GRCh38_full_plus_hs38d1_analysis_set_chr21.fna.fai"
                        }
                    },
                    "test.Aligned.out.bam"
                ]
            ],
            [
                [
                    {
                        "id": "test",
                        "samplename": "test",
                        "single_end": false,
                        "sample_type": "RNA",
                        "genome": {
                            "fasta": "s3://test-data/genomics/homo_sapiens/genome/seq/GCA_000001405.15_GRCh38_full_plus_hs38d1_analysis_set_chr21.fna",
                            "fai": "s3://test-data/genomics/homo_sapiens/genome/seq/GCA_000001405.15_GRCh38_full_plus_hs38d1_analysis_set_chr21.fna.fai"
                        }
                    },
                    "test.Log.final.out"
                ],
                [
                    {
                        "id": "test",
                        "samplename": "test",
                        "single_end": false,
                        "sample_type": "RNA",
                        "genome": {
                            "fasta": "s3://test-data/genomics/homo_sapiens/genome/seq/GCA_000001405.15_GRCh38_full_plus_hs38d1_analysis_set_chr21.fna",
                            "fai": "s3://test-data/genomics/homo_sapiens/genome/seq/GCA_000001405.15_GRCh38_full_plus_hs38d1_analysis_set_chr21.fna.fai"
                        }
                    },
                    "test.Log.out"
                ],
                [
                    {
                        "id": "test",
                        "samplename": "test",
                        "single_end": false,
                        "sample_type": "RNA",
                        "genome": {
                            "fasta": "s3://test-data/genomics/homo_sapiens/genome/seq/GCA_000001405.15_GRCh38_full_plus_hs38d1_analysis_set_chr21.fna",
                            "fai": "s3://test-data/genomics/homo_sapiens/genome/seq/GCA_000001405.15_GRCh38_full_plus_hs38d1_analysis_set_chr21.fna.fai"
                        }
                    },
                    "test.Log.progress.out"
                ]
            ],
            [
                "versions.yml:md5,605896d89504a79cbbf1e0e450b15f00"
            ]
        ],
        "meta": {
            "nf-test": "0.8.4",
            "nextflow": "24.04.1"
        },
        "timestamp": "2024-05-28T16:12:33.555868971"
    },
    "fastq align rna - unknown aligner": {
        "content": [
            [
                "Unsupported aligner woop for sample test"
            ]
        ],
        "meta": {
            "nf-test": "0.8.4",
            "nextflow": "24.04.1"
        },
        "timestamp": "2024-05-28T16:17:08.089796673"
    }
}