{
    "Bam QC - HSmetrics": {
        "content": [
            [
                [
                    {
                        "id": "test",
                        "single_end": false
                    },
                    "test.stats:md5,7098b9422bf3cce350116e93bd8cf83a"
                ]
            ],
            [
                [
                    {
                        "id": "test",
                        "single_end": false
                    },
                    "test.flagstat:md5,167e69b479663a15194ddf56cbc9e60e"
                ]
            ],
            [
                [
                    {
                        "id": "test",
                        "single_end": false
                    },
                    "test.idxstats:md5,081d0431383fb7ea6b51b7077c6ec93c"
                ]
            ],
            "test.CollectMultipleMetrics.alignment_summary_metrics",
            "test.CollectHsMetrics.coverage_metrics"
        ],
        "meta": {
            "nf-test": "0.8.4",
            "nextflow": "23.10.1"
        },
        "timestamp": "2024-03-25T14:41:54.380478"
    },
    "Bam QC - Samtools": {
        "content": [
            [
                [
                    {
                        "id": "test",
                        "single_end": false
                    },
                    "test.stats:md5,7098b9422bf3cce350116e93bd8cf83a"
                ]
            ],
            [
                [
                    {
                        "id": "test",
                        "single_end": false
                    },
                    "test.flagstat:md5,167e69b479663a15194ddf56cbc9e60e"
                ]
            ],
            [
                [
                    {
                        "id": "test",
                        "single_end": false
                    },
                    "test.idxstats:md5,081d0431383fb7ea6b51b7077c6ec93c"
                ]
            ]
        ],
        "meta": {
            "nf-test": "0.8.4",
            "nextflow": "23.10.1"
        },
        "timestamp": "2024-03-25T14:43:20.206066"
    },
    "Bam QC - WGSmetrics": {
        "content": [
            [
                [
                    {
                        "id": "test",
                        "single_end": false
                    },
                    "test.stats:md5,7098b9422bf3cce350116e93bd8cf83a"
                ]
            ],
            [
                [
                    {
                        "id": "test",
                        "single_end": false
                    },
                    "test.flagstat:md5,167e69b479663a15194ddf56cbc9e60e"
                ]
            ],
            [
                [
                    {
                        "id": "test",
                        "single_end": false
                    },
                    "test.idxstats:md5,081d0431383fb7ea6b51b7077c6ec93c"
                ]
            ],
            "test.CollectMultipleMetrics.alignment_summary_metrics",
            "test.CollectWgsMetrics.coverage_metrics"
        ],
        "meta": {
            "nf-test": "0.8.4",
            "nextflow": "23.10.1"
        },
        "timestamp": "2024-03-25T14:42:57.86288"
    }
}